c:\users\supun\desktop\kernel driver\kmdf driver1\kmdf driver1\x64\debug\vc145.pdb
c:\users\supun\desktop\kernel driver\kmdf driver1\kmdf driver1\x64\debug\main.obj
c:\users\supun\desktop\kernel driver\kmdf driver1\x64\debug\kmdf driver1\kmdfdriver1.cat
c:\users\supun\desktop\kernel driver\kmdf driver1\x64\debug\kmdfdriver1.sys
c:\users\supun\desktop\kernel driver\kmdf driver1\x64\debug\kmdfdriver1.pdb
c:\users\supun\desktop\kernel driver\kmdf driver1\kmdf driver1\x64\debug\kmdfdriver1.inf
c:\users\supun\desktop\kernel driver\kmdf driver1\x64\debug\kmdfdriver1.inf
c:\users\supun\desktop\kernel driver\kmdf driver1\kmdf driver1\x64\debug\kmdf driver1.tlog\cl.command.1.tlog
c:\users\supun\desktop\kernel driver\kmdf driver1\kmdf driver1\x64\debug\kmdf driver1.tlog\cl.items.tlog
c:\users\supun\desktop\kernel driver\kmdf driver1\kmdf driver1\x64\debug\kmdf driver1.tlog\cl.read.1.tlog
c:\users\supun\desktop\kernel driver\kmdf driver1\kmdf driver1\x64\debug\kmdf driver1.tlog\cl.write.1.tlog
c:\users\supun\desktop\kernel driver\kmdf driver1\kmdf driver1\x64\debug\kmdf driver1.tlog\drvcat.command.1.tlog
c:\users\supun\desktop\kernel driver\kmdf driver1\kmdf driver1\x64\debug\kmdf driver1.tlog\drvcat.read.1.tlog
c:\users\supun\desktop\kernel driver\kmdf driver1\kmdf driver1\x64\debug\kmdf driver1.tlog\drvcat.write.1.tlog
c:\users\supun\desktop\kernel driver\kmdf driver1\kmdf driver1\x64\debug\kmdf driver1.tlog\inf2cat-expand.14972.read.1.tlog
c:\users\supun\desktop\kernel driver\kmdf driver1\kmdf driver1\x64\debug\kmdf driver1.tlog\inf2cat-expand.14972.write.1.tlog
c:\users\supun\desktop\kernel driver\kmdf driver1\kmdf driver1\x64\debug\kmdf driver1.tlog\inf2cat-expand.read.1.tlog
c:\users\supun\desktop\kernel driver\kmdf driver1\kmdf driver1\x64\debug\kmdf driver1.tlog\inf2cat-expand.write.1.tlog
c:\users\supun\desktop\kernel driver\kmdf driver1\kmdf driver1\x64\debug\kmdf driver1.tlog\inf2cat.command.1.tlog
c:\users\supun\desktop\kernel driver\kmdf driver1\kmdf driver1\x64\debug\kmdf driver1.tlog\inf2cat.read.1.tlog
c:\users\supun\desktop\kernel driver\kmdf driver1\kmdf driver1\x64\debug\kmdf driver1.tlog\inf2cat.write.1.tlog
c:\users\supun\desktop\kernel driver\kmdf driver1\kmdf driver1\x64\debug\kmdf driver1.tlog\link.command.1.tlog
c:\users\supun\desktop\kernel driver\kmdf driver1\kmdf driver1\x64\debug\kmdf driver1.tlog\link.read.1.tlog
c:\users\supun\desktop\kernel driver\kmdf driver1\kmdf driver1\x64\debug\kmdf driver1.tlog\link.secondary.1.tlog
c:\users\supun\desktop\kernel driver\kmdf driver1\kmdf driver1\x64\debug\kmdf driver1.tlog\link.write.1.tlog
c:\users\supun\desktop\kernel driver\kmdf driver1\kmdf driver1\x64\debug\kmdf driver1.tlog\stampinf.command.1.tlog
c:\users\supun\desktop\kernel driver\kmdf driver1\kmdf driver1\x64\debug\kmdf driver1.tlog\stampinf.read.1.tlog
c:\users\supun\desktop\kernel driver\kmdf driver1\kmdf driver1\x64\debug\kmdf driver1.tlog\stampinf.write.1.tlog
